cl : command line  warning D9035: option 'Gm' has been deprecated and will be removed in a future release
  Spaceship.cpp
  main.cpp
  Life.cpp
  Exploision.cpp
  Cog.cpp
  Bullet.cpp
  Asteroids.cpp
  Asteroid.cpp
  Generating Code...
Asteroid.obj : warning LNK4075: ignoring '/EDITANDCONTINUE' due to '/SAFESEH' specification
  Asteroids.vcxproj -> D:\Projects\C++\Asteroids\bin\Asteroids.exe
  ..\..\assets\asteroid.shape
  ..\..\assets\asteroid1_fs.png
  ..\..\assets\bullet.shape
  ..\..\assets\cog.png
  ..\..\assets\explosion_fs.png
  ..\..\assets\heart.png
  ..\..\assets\hearts_fs.png
  ..\..\assets\spaceship.shape
  ..\..\assets\spaceship_fs.png
  ..\..\assets\thruster.shape
         10 file(s) copied.
