d:\projects\c++\asteroids\vc\asteroids\debug\vc143.pdb
d:\projects\c++\asteroids\vc\asteroids\debug\vc143.idb
d:\projects\c++\asteroids\vc\asteroids\debug\asteroid.obj
d:\projects\c++\asteroids\vc\asteroids\debug\asteroids.obj
d:\projects\c++\asteroids\vc\asteroids\debug\bullet.obj
d:\projects\c++\asteroids\vc\asteroids\debug\cog.obj
d:\projects\c++\asteroids\vc\asteroids\debug\exploision.obj
d:\projects\c++\asteroids\vc\asteroids\debug\life.obj
d:\projects\c++\asteroids\vc\asteroids\debug\main.obj
d:\projects\c++\asteroids\vc\asteroids\debug\spaceship.obj
d:\projects\c++\asteroids\vc\asteroids\debug\shield.obj
d:\projects\c++\asteroids\vc\asteroids\debug\asteroids.ilk
d:\projects\c++\asteroids\vc\asteroids\debug\asteroids.pdb
d:\projects\c++\asteroids\vc\asteroids\debug\asteroids.tlog\cl.command.1.tlog
d:\projects\c++\asteroids\vc\asteroids\debug\asteroids.tlog\cl.items.tlog
d:\projects\c++\asteroids\vc\asteroids\debug\asteroids.tlog\cl.read.1.tlog
d:\projects\c++\asteroids\vc\asteroids\debug\asteroids.tlog\cl.write.1.tlog
d:\projects\c++\asteroids\vc\asteroids\debug\asteroids.tlog\link.command.1.tlog
d:\projects\c++\asteroids\vc\asteroids\debug\asteroids.tlog\link.read.1.tlog
d:\projects\c++\asteroids\vc\asteroids\debug\asteroids.tlog\link.secondary.1.tlog
d:\projects\c++\asteroids\vc\asteroids\debug\asteroids.tlog\link.write.1.tlog
