d:\projects\c++\asteroids\lib\engine.pdb
d:\projects\c++\asteroids\lib\engine.idb
d:\projects\c++\asteroids\vc\engine\debug\gamedisplay.obj
d:\projects\c++\asteroids\vc\engine\debug\gameobject.obj
d:\projects\c++\asteroids\vc\engine\debug\gameobjecttype.obj
d:\projects\c++\asteroids\vc\engine\debug\gamesession.obj
d:\projects\c++\asteroids\vc\engine\debug\gamewindow.obj
d:\projects\c++\asteroids\vc\engine\debug\gameworld.obj
d:\projects\c++\asteroids\vc\engine\debug\glutsession.obj
d:\projects\c++\asteroids\vc\engine\debug\glutwindow.obj
d:\projects\c++\asteroids\vc\engine\debug\glvector.obj
d:\projects\c++\asteroids\vc\engine\debug\guicomponent.obj
d:\projects\c++\asteroids\vc\engine\debug\guicontainer.obj
d:\projects\c++\asteroids\vc\engine\debug\guiicon.obj
d:\projects\c++\asteroids\vc\engine\debug\guilabel.obj
d:\projects\c++\asteroids\vc\engine\debug\image.obj
d:\projects\c++\asteroids\vc\engine\debug\imagemanager.obj
d:\projects\c++\asteroids\vc\engine\debug\movementcontroller.obj
d:\projects\c++\asteroids\vc\engine\debug\shape.obj
d:\projects\c++\asteroids\vc\engine\debug\sprite.obj
d:\projects\c++\asteroids\vc\engine\debug\texture.obj
d:\projects\c++\asteroids\vc\engine\debug\texturemanager.obj
d:\projects\c++\asteroids\vc\engine\debug\animation.obj
d:\projects\c++\asteroids\vc\engine\debug\animationmanager.obj
d:\projects\c++\asteroids\lib\engine.lib
d:\projects\c++\asteroids\vc\asteroids\debug\..\..\..\lib\engine.pdb
d:\projects\c++\asteroids\vc\engine\debug\engine.tlog\cl.command.1.tlog
d:\projects\c++\asteroids\vc\engine\debug\engine.tlog\cl.items.tlog
d:\projects\c++\asteroids\vc\engine\debug\engine.tlog\cl.read.1.tlog
d:\projects\c++\asteroids\vc\engine\debug\engine.tlog\cl.write.1.tlog
d:\projects\c++\asteroids\vc\engine\debug\engine.tlog\lib-link.read.1.tlog
d:\projects\c++\asteroids\vc\engine\debug\engine.tlog\lib-link.write.1.tlog
d:\projects\c++\asteroids\vc\engine\debug\engine.tlog\lib.command.1.tlog
